block=main tasks_to_run=1816 already_done=34
[       1s] 20/1816 last n=67 theta=9.38096 (0.0s)
[       1s] 40/1816 last n=67 theta=7.15886 (0.0s)
[       1s] 60/1816 last n=67 theta=10.92126 (0.0s)
[       1s] 80/1816 last n=67 theta=7.97549 (0.0s)
[       1s] 100/1816 last n=67 theta=10.60983 (0.0s)
[       1s] 120/1816 last n=67 theta=5.64753 (0.0s)
[       1s] 140/1816 last n=67 theta=7.42972 (0.0s)
[       1s] 160/1816 last n=67 theta=10.27844 (0.0s)
[       1s] 180/1816 last n=67 theta=7.27912 (0.0s)
[       1s] 200/1816 last n=67 theta=9.72276 (0.0s)
[       1s] 220/1816 last n=67 theta=7.82845 (0.0s)
[       1s] 240/1816 last n=67 theta=10.51649 (0.0s)
[       1s] 260/1816 last n=67 theta=11.70735 (0.0s)
[       1s] 280/1816 last n=67 theta=5.88091 (0.0s)
[       1s] 300/1816 last n=67 theta=4.47882 (0.0s)
[       1s] 320/1816 last n=127 theta=10.85268 (0.0s)
[       1s] 340/1816 last n=127 theta=13.68471 (0.0s)
[       1s] 360/1816 last n=127 theta=7.75890 (0.0s)
[       2s] 380/1816 last n=127 theta=7.86494 (0.0s)
[       2s] 400/1816 last n=127 theta=9.32060 (0.0s)
[       2s] 420/1816 last n=127 theta=12.50390 (0.0s)
[       2s] 440/1816 last n=127 theta=13.91192 (0.0s)
[       2s] 460/1816 last n=127 theta=10.01268 (0.0s)
[       2s] 480/1816 last n=127 theta=13.20494 (0.0s)
[       2s] 500/1816 last n=127 theta=10.11645 (0.0s)
[       2s] 520/1816 last n=127 theta=10.24753 (0.0s)
[       2s] 540/1816 last n=127 theta=12.97003 (0.0s)
[       2s] 560/1816 last n=127 theta=14.76816 (0.0s)
[       2s] 580/1816 last n=127 theta=13.00972 (0.0s)
[       2s] 600/1816 last n=127 theta=10.54623 (0.0s)
[       3s] 620/1816 last n=251 theta=16.98674 (0.0s)
[       3s] 640/1816 last n=251 theta=14.50314 (0.1s)
[       3s] 660/1816 last n=251 theta=15.70946 (0.1s)
[       3s] 680/1816 last n=251 theta=17.80057 (0.0s)
[       3s] 700/1816 last n=251 theta=16.55374 (0.1s)
[       4s] 720/1816 last n=251 theta=13.29579 (0.0s)
[       4s] 740/1816 last n=251 theta=16.21143 (0.0s)
[       4s] 760/1816 last n=251 theta=16.51739 (0.1s)
[       4s] 780/1816 last n=251 theta=16.90767 (0.0s)
[       5s] 800/1816 last n=251 theta=18.98496 (0.1s)
[       5s] 820/1816 last n=251 theta=14.45371 (0.1s)
[       5s] 840/1816 last n=251 theta=16.20293 (0.0s)
[       5s] 860/1816 last n=251 theta=15.95730 (0.0s)
[       6s] 880/1816 last n=251 theta=15.70753 (0.1s)
[       6s] 900/1816 last n=251 theta=15.95124 (0.1s)
[       7s] 920/1816 last n=509 theta=21.80768 (0.2s)
[       8s] 940/1816 last n=509 theta=29.14629 (0.2s)
[       9s] 960/1816 last n=509 theta=24.57928 (0.3s)
[      10s] 980/1816 last n=509 theta=23.11358 (0.2s)
[      12s] 1000/1816 last n=509 theta=21.69953 (0.2s)
[      13s] 1020/1816 last n=509 theta=21.12677 (0.2s)
[      14s] 1040/1816 last n=509 theta=22.88744 (0.3s)
[      15s] 1060/1816 last n=509 theta=22.48436 (0.2s)
[      16s] 1080/1816 last n=509 theta=20.24835 (0.3s)
[      17s] 1100/1816 last n=509 theta=21.06415 (0.3s)
[      19s] 1120/1816 last n=509 theta=28.88336 (0.4s)
[      20s] 1140/1816 last n=509 theta=22.14492 (0.2s)
[      25s] 1160/1816 last n=1021 theta=33.47441 (2.2s)
[      31s] 1180/1816 last n=1021 theta=31.56667 (2.0s)
[      38s] 1200/1816 last n=1021 theta=33.18368 (1.0s)
[      46s] 1220/1816 last n=1021 theta=32.62142 (1.3s)
[      53s] 1240/1816 last n=1021 theta=31.51342 (2.3s)
[      60s] 1260/1816 last n=1021 theta=33.44593 (1.6s)
[      68s] 1280/1816 last n=1021 theta=34.50403 (1.2s)
[      75s] 1300/1816 last n=1021 theta=30.06391 (1.5s)
[      82s] 1320/1816 last n=1021 theta=30.52072 (1.1s)
[      90s] 1340/1816 last n=1021 theta=31.90756 (1.0s)
[     124s] 1360/1816 last n=2053 theta=43.48397 (7.2s)
[     171s] 1380/1816 last n=2053 theta=50.01368 (8.7s)
[     217s] 1400/1816 last n=2053 theta=48.87662 (11.6s)
[     263s] 1420/1816 last n=2053 theta=45.48401 (7.5s)
[     309s] 1440/1816 last n=2053 theta=47.12971 (14.3s)
[     354s] 1460/1816 last n=2053 theta=49.55984 (7.7s)
[     401s] 1480/1816 last n=2053 theta=46.96332 (7.4s)
[     448s] 1500/1816 last n=2053 theta=48.88434 (11.0s)
[     491s] 1520/1816 last n=2053 theta=45.45066 (11.0s)
[     534s] 1540/1816 last n=2053 theta=46.68441 (14.1s)
[     581s] 1551/1816 last n=3001 theta=59.10208 (29.6s)
[     588s] 1552/1816 last n=3001 theta=56.02178 (29.7s)
[     590s] 1553/1816 last n=3001 theta=54.58298 (36.2s)
[     608s] 1554/1816 last n=3001 theta=53.66144 (45.9s)
[     608s] 1555/1816 last n=3001 theta=52.79444 (27.9s)
[     616s] 1556/1816 last n=3001 theta=52.95208 (28.0s)
[     627s] 1557/1816 last n=3001 theta=53.51976 (36.7s)
[     637s] 1558/1816 last n=3001 theta=54.19036 (28.8s)
[     643s] 1559/1816 last n=3001 theta=52.43166 (27.3s)
[     656s] 1560/1816 last n=3001 theta=56.76040 (48.2s)
[     662s] 1561/1816 last n=3001 theta=51.54391 (35.5s)
[     665s] 1562/1816 last n=3001 theta=54.16187 (27.8s)
[     672s] 1563/1816 last n=3001 theta=54.83476 (28.7s)
[     694s] 1564/1816 last n=3001 theta=52.92834 (29.4s)
[     698s] 1565/1816 last n=3001 theta=54.64481 (35.4s)
[     701s] 1566/1816 last n=3001 theta=51.95258 (45.3s)
[     704s] 1567/1816 last n=3001 theta=59.61189 (32.3s)
[     722s] 1568/1816 last n=3001 theta=52.99329 (27.4s)
[     730s] 1569/1816 last n=3001 theta=52.40141 (32.1s)
[     735s] 1570/1816 last n=3001 theta=53.95516 (30.4s)
[     741s] 1571/1816 last n=3001 theta=51.58796 (39.5s)
[     752s] 1572/1816 last n=3001 theta=57.04040 (30.6s)
[     765s] 1573/1816 last n=3001 theta=54.04055 (35.5s)
[     766s] 1574/1816 last n=3001 theta=54.57390 (31.2s)
[     781s] 1575/1816 last n=3001 theta=53.96740 (28.8s)
[     782s] 1576/1816 last n=3001 theta=52.81105 (41.3s)
[     795s] 1577/1816 last n=3001 theta=57.20189 (29.0s)
[     800s] 1578/1816 last n=3001 theta=54.01013 (34.3s)
[     807s] 1579/1816 last n=3001 theta=54.07584 (26.2s)
[     823s] 1580/1816 last n=3001 theta=53.27177 (28.0s)
[     833s] 1581/1816 last n=3001 theta=55.79678 (33.0s)
[     835s] 1582/1816 last n=3001 theta=53.84092 (28.1s)
[     836s] 1583/1816 last n=3001 theta=60.28722 (54.2s)
[     848s] 1584/1816 last n=3001 theta=50.16862 (25.3s)
[     867s] 1585/1816 last n=3001 theta=55.96960 (31.8s)
[     870s] 1586/1816 last n=3001 theta=55.33691 (37.1s)
[     877s] 1587/1816 last n=3001 theta=54.58212 (29.2s)
[     888s] 1588/1816 last n=3001 theta=58.85945 (51.3s)
[     900s] 1589/1816 last n=3001 theta=58.24569 (32.7s)
[     904s] 1590/1816 last n=3001 theta=52.52550 (33.9s)
[     906s] 1591/1816 last n=3001 theta=54.94494 (28.7s)
[     926s] 1592/1816 last n=3001 theta=51.20975 (25.7s)
[     934s] 1593/1816 last n=3001 theta=56.09180 (46.3s)
[     937s] 1594/1816 last n=3001 theta=52.32035 (33.7s)
[     938s] 1595/1816 last n=3001 theta=58.08247 (31.5s)
[     956s] 1596/1816 last n=3001 theta=57.52755 (29.9s)
[     966s] 1597/1816 last n=3001 theta=52.25295 (28.5s)
[     974s] 1598/1816 last n=3001 theta=55.11609 (36.2s)
[     978s] 1599/1816 last n=3001 theta=52.43138 (44.3s)
[     982s] 1600/1816 last n=3001 theta=51.67232 (26.8s)
[     992s] 1601/1816 last n=3001 theta=53.33667 (26.3s)
[    1010s] 1602/1816 last n=3001 theta=53.52179 (36.4s)
[    1012s] 1603/1816 last n=3001 theta=51.82747 (29.6s)
[    1020s] 1604/1816 last n=3001 theta=55.21031 (27.5s)
[    1026s] 1605/1816 last n=3001 theta=57.15967 (48.1s)
[    1041s] 1606/1816 last n=3001 theta=54.34577 (28.8s)
[    1048s] 1607/1816 last n=3001 theta=52.39855 (27.5s)
[    1049s] 1608/1816 last n=3001 theta=56.19746 (38.6s)
[    1068s] 1609/1816 last n=3001 theta=54.94904 (27.2s)
[    1074s] 1610/1816 last n=3001 theta=55.32591 (47.8s)
[    1075s] 1611/1816 last n=3001 theta=53.37112 (27.0s)
[    1084s] 1612/1816 last n=3001 theta=53.45200 (35.0s)
[    1100s] 1613/1816 last n=3001 theta=58.32399 (31.8s)
[    1107s] 1614/1816 last n=3001 theta=57.65485 (32.1s)
[    1120s] 1615/1816 last n=3001 theta=52.68028 (36.9s)
[    1121s] 1616/1816 last n=3001 theta=56.45091 (47.0s)
[    1131s] 1617/1816 last n=3001 theta=57.37212 (30.8s)
[    1138s] 1618/1816 last n=3001 theta=53.95748 (31.6s)
[    1157s] 1619/1816 last n=3001 theta=56.83036 (37.0s)
[    1160s] 1620/1816 last n=3001 theta=53.93448 (29.3s)
[    1166s] 1621/1816 last n=3001 theta=53.47885 (27.9s)
[    1166s] 1622/1816 last n=3001 theta=56.69822 (45.3s)
[    1192s] 1623/1816 last n=3001 theta=57.00483 (32.2s)
[    1192s] 1624/1816 last n=3001 theta=55.22533 (34.8s)
[    1198s] 1625/1816 last n=3001 theta=57.25039 (31.5s)
[    1208s] 1626/1816 last n=3001 theta=57.30675 (41.9s)
[    1223s] 1627/1816 last n=3001 theta=59.26528 (30.5s)
[    1225s] 1628/1816 last n=3001 theta=53.72703 (27.0s)
[    1227s] 1629/1816 last n=3001 theta=54.64591 (34.9s)
[    1249s] 1630/1816 last n=3001 theta=58.51455 (40.5s)
[    1251s] 1631/1816 last n=3001 theta=55.24443 (28.7s)
[    1255s] 1632/1816 last n=3001 theta=56.04313 (30.4s)
[    1260s] 1633/1816 last n=3001 theta=51.97347 (32.7s)
[    1283s] 1634/1816 last n=3001 theta=57.46695 (31.9s)
[    1286s] 1635/1816 last n=3001 theta=61.27342 (31.3s)
[    1291s] 1636/1816 last n=3001 theta=54.58971 (41.6s)
[    1292s] 1637/1816 last n=3001 theta=51.31030 (31.9s)
[    1310s] 1638/1816 last n=3001 theta=53.16109 (27.0s)
[    1313s] 1639/1816 last n=3001 theta=53.92150 (26.6s)
[    1328s] 1640/1816 last n=3001 theta=58.78895 (36.4s)
[    1340s] 1641/1816 last n=3001 theta=56.63467 (29.5s)
[    1340s] 1642/1816 last n=3001 theta=55.88149 (27.2s)
[    1340s] 1643/1816 last n=3001 theta=51.80508 (49.8s)
[    1363s] 1644/1816 last n=3001 theta=54.96014 (35.1s)
[    1368s] 1645/1816 last n=3001 theta=54.38565 (28.2s)
[    1368s] 1646/1816 last n=3001 theta=55.36479 (28.2s)
[    1384s] 1647/1816 last n=3001 theta=53.53170 (44.0s)
[    1398s] 1648/1816 last n=3001 theta=54.03623 (30.2s)
[    1398s] 1649/1816 last n=3001 theta=52.88594 (35.1s)
[    1399s] 1650/1816 last n=3001 theta=52.78195 (30.9s)
[    1427s] 1651/1816 last n=3001 theta=52.84751 (42.8s)
[    1428s] 1652/1816 last n=3001 theta=54.46209 (30.2s)
[    1430s] 1653/1816 last n=3001 theta=53.83336 (30.9s)
[    1435s] 1654/1816 last n=3001 theta=55.96527 (36.9s)
[    1457s] 1655/1816 last n=3001 theta=53.14025 (26.9s)
[    1457s] 1656/1816 last n=3001 theta=57.16461 (29.0s)
[    1470s] 1657/1816 last n=3001 theta=54.00429 (43.3s)
[    1472s] 1658/1816 last n=3001 theta=58.28938 (36.8s)
[    1484s] 1659/1816 last n=3001 theta=51.55109 (26.8s)
[    1489s] 1660/1816 last n=3001 theta=57.89741 (31.9s)
[    1508s] 1661/1816 last n=3001 theta=54.60574 (35.8s)
[    1511s] 1662/1816 last n=3001 theta=55.30686 (40.4s)
[    1514s] 1663/1816 last n=3001 theta=55.64846 (29.9s)
[    1518s] 1664/1816 last n=3001 theta=56.06302 (28.7s)
[    1544s] 1665/1816 last n=3001 theta=59.07306 (36.5s)
[    1545s] 1666/1816 last n=3001 theta=54.47611 (30.7s)
[    1548s] 1667/1816 last n=3001 theta=55.19207 (30.0s)
[    1553s] 1668/1816 last n=3001 theta=53.18078 (42.2s)
[    1574s] 1669/1816 last n=3001 theta=55.05485 (29.1s)
[    1574s] 1670/1816 last n=3001 theta=50.95212 (25.9s)
[    1581s] 1671/1816 last n=3001 theta=56.22963 (36.1s)
[    1600s] 1672/1816 last n=3001 theta=56.62198 (47.1s)
[    1601s] 1673/1816 last n=3001 theta=51.57069 (27.2s)
[    1602s] 1674/1816 last n=3001 theta=55.69778 (28.6s)
[    1614s] 1675/1816 last n=3001 theta=55.08121 (33.9s)
[    1626s] 1676/1816 last n=3001 theta=52.81140 (25.3s)
[    1630s] 1677/1816 last n=3001 theta=53.71219 (27.9s)
[    1647s] 1678/1816 last n=3001 theta=55.16433 (47.0s)
[    1648s] 1679/1816 last n=3001 theta=53.28662 (34.0s)
[    1654s] 1680/1816 last n=3001 theta=56.95040 (27.8s)
[    1656s] 1681/1816 last n=3001 theta=54.55976 (26.2s)
[    1684s] 1682/1816 last n=3001 theta=54.80367 (35.9s)
[    1684s] 1683/1816 last n=3001 theta=53.55149 (30.2s)
[    1687s] 1684/1816 last n=3001 theta=56.70457 (30.2s)
[    1695s] 1685/1816 last n=3001 theta=56.28348 (47.4s)
[    1710s] 1686/1816 last n=3001 theta=52.38614 (25.8s)
[    1716s] 1687/1816 last n=3001 theta=54.55750 (29.7s)
[    1725s] 1688/1816 last n=3001 theta=58.41993 (40.3s)
[    1740s] 1689/1816 last n=3001 theta=57.66452 (30.1s)
[    1745s] 1690/1816 last n=3001 theta=57.08231 (28.3s)
[    1745s] 1691/1816 last n=3001 theta=57.94292 (50.1s)
[    1760s] 1692/1816 last n=3001 theta=53.30479 (35.2s)
[    1767s] 1693/1816 last n=3001 theta=53.99308 (26.9s)
[    1773s] 1694/1816 last n=3001 theta=56.77233 (28.2s)
[    1794s] 1695/1816 last n=3001 theta=56.72566 (49.2s)
[    1795s] 1696/1816 last n=3001 theta=54.19913 (27.5s)
[    1796s] 1697/1816 last n=3001 theta=55.16186 (36.1s)
[    1803s] 1698/1816 last n=3001 theta=59.23089 (30.7s)
[    1825s] 1699/1816 last n=3001 theta=58.42310 (30.2s)
[    1831s] 1700/1816 last n=3001 theta=55.43523 (35.4s)
[    1833s] 1701/1816 last n=3001 theta=54.55672 (29.1s)
[    1840s] 1702/1816 last n=3001 theta=56.25996 (45.8s)
[    1852s] 1703/1816 last n=3001 theta=54.73232 (26.9s)
[    1858s] 1704/1816 last n=3001 theta=52.25661 (25.7s)
[    1866s] 1705/1816 last n=3001 theta=55.36745 (34.9s)
[    1879s] 1706/1816 last n=3001 theta=54.21718 (27.3s)
[    1885s] 1707/1816 last n=3001 theta=52.48647 (27.2s)
[    1886s] 1708/1816 last n=3001 theta=55.06598 (46.7s)
[    1902s] 1709/1816 last n=3001 theta=55.92086 (36.1s)
[    1906s] 1710/1816 last n=3001 theta=54.55524 (27.3s)
[    1910s] 1711/1816 last n=3001 theta=52.03882 (24.8s)
[    1929s] 1712/1816 last n=3001 theta=52.71719 (42.5s)
[    1935s] 1713/1816 last n=3001 theta=56.74561 (29.1s)
[    1938s] 1714/1816 last n=3001 theta=55.49974 (36.1s)
[    1940s] 1715/1816 last n=3001 theta=58.78591 (29.6s)
[    1963s] 1716/1816 last n=3001 theta=54.24250 (28.0s)
[    1970s] 1717/1816 last n=3001 theta=57.36424 (29.8s)
[    1972s] 1718/1816 last n=3001 theta=53.75993 (33.3s)
[    1972s] 1719/1816 last n=3001 theta=53.77150 (43.4s)
[    1992s] 1720/1816 last n=3001 theta=55.23720 (28.4s)
[    2002s] 1721/1816 last n=3001 theta=58.28640 (32.7s)
[    2010s] 1722/1816 last n=3001 theta=55.69902 (38.0s)
[    2015s] 1723/1816 last n=3001 theta=55.54800 (42.6s)
[    2022s] 1724/1816 last n=3001 theta=54.21353 (30.2s)
[    2031s] 1725/1816 last n=3001 theta=51.43305 (28.7s)
[    2045s] 1726/1816 last n=3001 theta=54.37195 (35.1s)
[    2054s] 1727/1816 last n=3001 theta=55.77722 (31.8s)
[    2057s] 1728/1816 last n=3001 theta=53.55014 (42.4s)
[    2062s] 1729/1816 last n=3001 theta=54.60585 (31.3s)
[    2081s] 1730/1816 last n=3001 theta=55.85098 (36.5s)
[    2084s] 1731/1816 last n=3001 theta=55.17228 (29.8s)
[    2092s] 1732/1816 last n=3001 theta=53.97414 (29.6s)
[    2097s] 1733/1816 last n=3001 theta=53.40285 (40.3s)
[    2117s] 1734/1816 last n=3001 theta=59.44685 (33.5s)
[    2118s] 1735/1816 last n=3001 theta=56.10073 (36.2s)
[    2123s] 1736/1816 last n=3001 theta=55.15911 (31.6s)
[    2141s] 1737/1816 last n=3001 theta=53.56088 (43.5s)
[    2148s] 1738/1816 last n=3001 theta=58.30009 (31.2s)
[    2153s] 1739/1816 last n=3001 theta=55.10002 (35.4s)
[    2154s] 1740/1816 last n=3001 theta=53.38066 (30.8s)
[    2179s] 1741/1816 last n=3001 theta=54.89885 (30.7s)
[    2180s] 1742/1816 last n=3001 theta=54.30453 (39.2s)
[    2185s] 1743/1816 last n=3001 theta=54.11632 (30.4s)
[    2188s] 1744/1816 last n=3001 theta=53.89716 (35.1s)
[    2214s] 1745/1816 last n=3001 theta=56.10742 (34.9s)
[    2219s] 1746/1816 last n=3001 theta=57.69654 (34.5s)
[    2221s] 1747/1816 last n=3001 theta=56.73761 (40.8s)
[    2222s] 1748/1816 last n=3001 theta=52.95347 (34.4s)
[    2240s] 1749/1816 last n=3001 theta=52.05062 (25.9s)
[    2247s] 1750/1816 last n=3001 theta=50.57852 (27.5s)
[    2323s] 1751/1816 last n=4093 theta=64.89900 (100.3s)
[    2335s] 1752/1816 last n=4093 theta=63.16520 (114.2s)
[    2341s] 1753/1816 last n=4093 theta=61.23745 (94.3s)
[    2343s] 1754/1816 last n=4093 theta=67.94073 (103.4s)
[    2428s] 1755/1816 last n=4093 theta=66.24834 (105.4s)
[    2429s] 1756/1816 last n=4093 theta=64.50303 (88.7s)
[    2440s] 1757/1816 last n=4093 theta=63.31926 (96.4s)
[    2464s] 1758/1816 last n=4093 theta=65.23148 (128.6s)
[    2522s] 1759/1816 last n=4093 theta=61.67028 (92.4s)
[    2528s] 1760/1816 last n=4093 theta=64.04474 (100.4s)
[    2529s] 1761/1816 last n=4093 theta=62.66138 (89.3s)
[    2578s] 1762/1816 last n=4093 theta=59.97860 (114.1s)
[    2617s] 1763/1816 last n=4093 theta=66.23116 (95.5s)
[    2627s] 1764/1816 last n=4093 theta=64.93585 (98.4s)
[    2628s] 1765/1816 last n=4093 theta=62.33817 (99.3s)
[    2699s] 1766/1816 last n=4093 theta=62.09590 (121.4s)
[    2706s] 1767/1816 last n=4093 theta=62.02359 (88.7s)
[    2716s] 1768/1816 last n=4093 theta=62.89651 (88.6s)
[    2729s] 1769/1816 last n=4093 theta=64.63800 (101.3s)
[    2804s] 1770/1816 last n=4093 theta=66.59574 (98.2s)
[    2806s] 1771/1816 last n=4093 theta=63.14969 (106.4s)
[    2808s] 1772/1816 last n=4093 theta=61.87294 (91.8s)
[    2823s] 1773/1816 last n=4093 theta=61.19675 (94.2s)
[    2893s] 1774/1816 last n=4093 theta=58.69999 (88.7s)
[    2904s] 1775/1816 last n=4093 theta=63.90714 (96.0s)
[    2920s] 1776/1816 last n=4093 theta=63.96050 (96.2s)
[    2926s] 1777/1816 last n=4093 theta=63.73528 (120.3s)
[    2977s] 1778/1816 last n=4093 theta=59.97593 (83.6s)
[    2998s] 1779/1816 last n=4093 theta=66.64717 (94.4s)
[    3019s] 1780/1816 last n=4093 theta=63.62523 (99.6s)
[    3048s] 1781/1816 last n=4093 theta=64.06885 (122.5s)
[    3078s] 1782/1816 last n=4093 theta=66.06500 (101.4s)
[    3090s] 1783/1816 last n=4093 theta=63.27427 (92.0s)
[    3120s] 1784/1816 last n=4093 theta=64.46560 (100.6s)
[    3163s] 1785/1816 last n=4093 theta=63.20858 (114.7s)
[    3180s] 1786/1816 last n=4093 theta=62.96287 (101.8s)
[    3196s] 1787/1816 last n=4093 theta=65.78897 (105.4s)
[    3229s] 1788/1816 last n=4093 theta=66.84037 (109.4s)
[    3259s] 1789/1816 last n=4093 theta=60.93080 (96.2s)
[    3285s] 1790/1816 last n=4093 theta=63.98199 (104.9s)
[    3298s] 1791/1816 last n=4093 theta=64.07594 (101.9s)
[    3332s] 1792/1816 last n=4093 theta=66.07561 (102.6s)
[    3370s] 1793/1816 last n=4093 theta=59.21543 (84.9s)
[    3384s] 1794/1816 last n=4093 theta=60.10050 (86.5s)
[    3395s] 1795/1816 last n=4093 theta=68.86861 (135.4s)
[    3429s] 1796/1816 last n=4093 theta=63.27451 (97.1s)
[    3454s] 1797/1816 last n=4093 theta=61.21807 (84.5s)
[    3472s] 1798/1816 last n=4093 theta=65.64605 (87.8s)
[    3517s] 1799/1816 last n=4093 theta=65.13396 (122.7s)
[    3528s] 1800/1816 last n=4093 theta=65.20233 (99.4s)
[    3537s] 1801/1816 last n=4093 theta=57.42756 (83.2s)
[    3564s] 1802/1816 last n=4093 theta=65.13665 (92.5s)
[    3627s] 1803/1816 last n=4093 theta=63.67420 (98.5s)
[    3630s] 1804/1816 last n=4093 theta=65.83865 (93.1s)
[    3642s] 1805/1816 last n=4093 theta=65.64760 (124.3s)
[    3644s] 1806/1816 last n=4093 theta=62.08089 (80.0s)
[    3712s] 1807/1816 last n=4093 theta=60.31928 (81.7s)
[    3726s] 1808/1816 last n=4093 theta=64.79729 (98.6s)
[    3735s] 1809/1816 last n=4093 theta=66.27416 (90.8s)
[    3760s] 1810/1816 last n=4093 theta=65.69982 (118.4s)
[    3800s] 1811/1816 last n=4093 theta=64.34932 (87.7s)
[    3828s] 1812/1816 last n=4093 theta=65.34081 (102.3s)
[    3830s] 1813/1816 last n=4093 theta=66.05349 (94.4s)
[    3884s] 1814/1816 last n=4093 theta=65.09214 (123.4s)
[    3888s] 1815/1816 last n=4093 theta=63.80061 (87.7s)
[    3931s] 1816/1816 last n=4093 theta=66.52922 (103.2s)
