n=  127 reps= 300 Y_mean=+0.45088 SE=0.25377 z=+1.777 CI=[-0.05524,0.93363] lambda_Q=-2.1869 lambda_delta=-2.6312 rel_diff=0.2032 status=PASS
n=  251 reps= 250 Y_mean=+0.23455 SE=0.34265 z=+0.685 CI=[-0.44402,0.90951] lambda_Q=-2.6140 lambda_delta=-2.8372 rel_diff=0.0854 status=PASS
n=  509 reps= 200 Y_mean=-0.47596 SE=0.36251 z=-1.313 CI=[-1.22072,0.21323] lambda_Q=-2.9281 lambda_delta=-2.4409 rel_diff=0.1664 status=PASS
n= 1021 reps= 150 Y_mean=-0.25934 SE=0.60517 z=-0.429 CI=[-1.43837,0.82771] lambda_Q=-3.4373 lambda_delta=-3.1718 rel_diff=0.0773 status=PASS
n= 2039 reps=  80 Y_mean=-0.61355 SE=0.87332 z=-0.703 CI=[-2.45264,0.98439] lambda_Q=-3.4806 lambda_delta=-3.0227 rel_diff=0.1316 status=PASS

Overall status: PASS
{
  "claim": "Point 54A -- paired identity audit: E[4*X*(Q-m/2) + m*delta_i] = 0 per prime n",
  "rows": [
    {
      "n": 127,
      "m": 63,
      "reps": 300,
      "y_mean": 0.4508778218086473,
      "y_se": 0.25376879171796374,
      "z": 1.776726833730401,
      "y_ci95": [
        -0.055236644558518545,
        0.9336325531007001
      ],
      "lambda_Q": -2.186883512192645,
      "lambda_delta": -2.6312109780371733,
      "rel_diff_lambda": 0.2031783875854595,
      "status": "PASS"
    },
    {
      "n": 251,
      "m": 125,
      "reps": 250,
      "y_mean": 0.23454683768383588,
      "y_se": 0.34264851112386485,
      "z": 0.6845114747895372,
      "y_ci95": [
        -0.4440247815425042,
        0.9095067259864699
      ],
      "lambda_Q": -2.6139613521480234,
      "lambda_delta": -2.8372100460690497,
      "rel_diff_lambda": 0.08540627187833962,
      "status": "PASS"
    },
    {
      "n": 509,
      "m": 254,
      "reps": 200,
      "y_mean": -0.47596089776096506,
      "y_se": 0.3625129415011625,
      "z": -1.3129487068517216,
      "y_ci95": [
        -1.2207156983840328,
        0.2132253763777291
      ],
      "lambda_Q": -2.928132395659673,
      "lambda_delta": -2.4409127878702197,
      "rel_diff_lambda": 0.16639261548133952,
      "status": "PASS"
    },
    {
      "n": 1021,
      "m": 510,
      "reps": 150,
      "y_mean": -0.25933684649129823,
      "y_se": 0.6051733631349094,
      "z": -0.42853314816746996,
      "y_ci95": [
        -1.4383679022166034,
        0.8277058547168392
      ],
      "lambda_Q": -3.4372940358968207,
      "lambda_delta": -3.1717559169911045,
      "rel_diff_lambda": 0.07725208147240593,
      "status": "PASS"
    },
    {
      "n": 2039,
      "m": 1019,
      "reps": 80,
      "y_mean": -0.6135505184862471,
      "y_se": 0.8733167229950912,
      "z": -0.7025521237954077,
      "y_ci95": [
        -2.452636991936767,
        0.9843931113589208
      ],
      "lambda_Q": -3.480586793308513,
      "lambda_delta": -3.0226610133721135,
      "rel_diff_lambda": 0.1315656833545336,
      "status": "PASS"
    }
  ],
  "overall_status": "PASS"
}
