n=  128 reps= 300 M(0.5)=+0.00374+-0.01076 lambda(h=0.025)=-2.1750+-0.2996 lambda(h=0.05)=-2.4331+-0.1527 elapsed=22.8s
    symmetry h=0.025: M(0.5+h)=-0.04476 -M(0.5-h)=-0.06399 diff=0.01924
    symmetry h=0.05: M(0.5+h)=-0.10738 -M(0.5-h)=-0.13593 diff=0.02855
n=  512 reps= 200 M(0.5)=+0.00356+-0.00745 lambda(h=0.025)=-3.3111+-0.2019 lambda(h=0.05)=-2.8924+-0.1010 elapsed=265.0s
    symmetry h=0.025: M(0.5+h)=-0.07486 -M(0.5-h)=-0.09069 diff=0.01583
    symmetry h=0.05: M(0.5+h)=-0.14112 -M(0.5-h)=-0.14812 diff=0.00700
{
  "rows": [
    {
      "n": 128,
      "half_m": 63,
      "reps": 300,
      "p_values": [
        0.45,
        0.475,
        0.5,
        0.525,
        0.55
      ],
      "means": {
        "0.45": 0.13593358166375466,
        "0.475": 0.0639927145543815,
        "0.5": 0.0037425569189049224,
        "0.525": -0.04475660530622216,
        "0.55": -0.1073789423079401
      },
      "ses": {
        "0.45": 0.010913500045025448,
        "0.475": 0.010746556645937131,
        "0.5": 0.010755776196815475,
        "0.525": 0.0104332476524618,
        "0.55": 0.010676786231698113
      },
      "symmetry_check": [
        {
          "h": 0.025,
          "M(0.5+h)": -0.04475660530622216,
          "-M(0.5-h)": -0.0639927145543815,
          "diff": 0.01923610924815935,
          "se_plus": 0.0104332476524618,
          "se_minus": 0.010746556645937131
        },
        {
          "h": 0.05,
          "M(0.5+h)": -0.1073789423079401,
          "-M(0.5-h)": -0.13593358166375466,
          "diff": 0.028554639355814565,
          "se_plus": 0.010676786231698113,
          "se_minus": 0.010913500045025448
        }
      ],
      "lambda_estimates": [
        {
          "h": 0.025,
          "lambda_hat": -2.174986397212073,
          "se": 0.2995604355197362
        },
        {
          "h": 0.05,
          "lambda_hat": -2.4331252397169476,
          "se": 0.15267555386182455
        }
      ],
      "elapsed_seconds": 22.763835430145264
    },
    {
      "n": 512,
      "half_m": 255,
      "reps": 200,
      "p_values": [
        0.45,
        0.475,
        0.5,
        0.525,
        0.55
      ],
      "means": {
        "0.45": 0.14811829968602047,
        "0.475": 0.0906915084304714,
        "0.5": 0.003559662711290065,
        "0.525": -0.07486283287984316,
        "0.55": -0.14111852857218332
      },
      "ses": {
        "0.45": 0.007240431255396162,
        "0.475": 0.007231236194089228,
        "0.5": 0.007447118404554355,
        "0.525": 0.007045028450641929,
        "0.55": 0.007039202999596735
      },
      "symmetry_check": [
        {
          "h": 0.025,
          "M(0.5+h)": -0.07486283287984316,
          "-M(0.5-h)": -0.0906915084304714,
          "diff": 0.015828675550628238,
          "se_plus": 0.007045028450641929,
          "se_minus": 0.007231236194089228
        },
        {
          "h": 0.05,
          "M(0.5+h)": -0.14111852857218332,
          "-M(0.5-h)": -0.14811829968602047,
          "diff": 0.00699977111383715,
          "se_plus": 0.007039202999596735,
          "se_minus": 0.007240431255396162
        }
      ],
      "lambda_estimates": [
        {
          "h": 0.025,
          "lambda_hat": -3.311086826206291,
          "se": 0.20191404385535966
        },
        {
          "h": 0.05,
          "lambda_hat": -2.8923682825820376,
          "se": 0.10098228737439517
        }
      ],
      "elapsed_seconds": 264.99281430244446
    }
  ]
}
