n= 127 prime=True indices=[9, 18, 27, 36, 45, 54, 63] across_index_mean=4.030538e-03 across_index_CV=0.2307 elapsed=10.9s
    i=   9 E[dX^2]=3.180741e-03 +- 7.04e-04
    i=  18 E[dX^2]=3.506402e-03 +- 6.96e-04
    i=  27 E[dX^2]=5.200662e-03 +- 9.76e-04
    i=  36 E[dX^2]=3.668275e-03 +- 7.41e-04
    i=  45 E[dX^2]=5.501091e-03 +- 1.13e-03
    i=  54 E[dX^2]=3.332581e-03 +- 6.55e-04
    i=  63 E[dX^2]=3.824014e-03 +- 5.71e-04
n= 128 prime=False indices=[9, 18, 27, 36, 45, 54, 63] across_index_mean=3.648482e-03 across_index_CV=0.1321 elapsed=10.7s
    i=   9 E[dX^2]=3.080220e-03 +- 5.48e-04
    i=  18 E[dX^2]=2.881020e-03 +- 6.28e-04
    i=  27 E[dX^2]=4.012820e-03 +- 8.50e-04
    i=  36 E[dX^2]=4.096061e-03 +- 6.55e-04
    i=  45 E[dX^2]=3.742659e-03 +- 6.68e-04
    i=  54 E[dX^2]=3.708164e-03 +- 7.49e-04
    i=  63 E[dX^2]=4.018431e-03 +- 6.54e-04
{
  "rows": [
    {
      "n": 127,
      "is_prime": true,
      "half_m": 63,
      "reps": 150,
      "indices": [
        9,
        18,
        27,
        36,
        45,
        54,
        63
      ],
      "per_index_mean_delta_x_sq": {
        "9": 0.0031807411503493445,
        "18": 0.0035064020544937446,
        "27": 0.0052006617176964,
        "36": 0.0036682749287837457,
        "45": 0.005501090988171887,
        "54": 0.0033325814872175036,
        "63": 0.003824014303580001
      },
      "per_index_se": {
        "9": 0.0007044476874298511,
        "18": 0.000696405610777083,
        "27": 0.0009757327337199021,
        "36": 0.0007414810032762877,
        "45": 0.0011343733442373348,
        "54": 0.0006554909765605729,
        "63": 0.000570942623319633
      },
      "across_index_mean": 0.004030538090041804,
      "across_index_std": 0.0009300195915920523,
      "across_index_cv": 0.23074328310898218,
      "elapsed_seconds": 10.882597923278809
    },
    {
      "n": 128,
      "is_prime": false,
      "half_m": 63,
      "reps": 150,
      "indices": [
        9,
        18,
        27,
        36,
        45,
        54,
        63
      ],
      "per_index_mean_delta_x_sq": {
        "9": 0.0030802203855639755,
        "18": 0.0028810202789724144,
        "27": 0.004012820069498352,
        "36": 0.004096060951040686,
        "45": 0.0037426585740656707,
        "54": 0.003708164201551585,
        "63": 0.004018431472117202
      },
      "per_index_se": {
        "9": 0.0005477372715870314,
        "18": 0.0006284824097868762,
        "27": 0.0008496768342538377,
        "36": 0.0006547618550492366,
        "45": 0.0006680999974728799,
        "54": 0.000749331538535654,
        "63": 0.000654285673605639
      },
      "across_index_mean": 0.0036484822761156978,
      "across_index_std": 0.0004820583827346678,
      "across_index_cv": 0.13212572961924432,
      "elapsed_seconds": 10.654613733291626
    }
  ]
}
