n= 3000 half_m= 1499 reps=  8 idx=[1, 499, 999] E[dtheta^2]=0.0383+-0.0176 n*E[dtheta^2]=114.834 E[dX^2]=1.348445e-05+-6.55e-06 n^2*E[dX^2]=121.3600 ES_bound_VarX=0.005053 elapsed=1246.3s
{
  "n": 3000,
  "half_m": 1499,
  "reps": 8,
  "test_indices": [
    1,
    499,
    999
  ],
  "n_samples": 24,
  "mean_delta_theta_sq": 0.03827786427663367,
  "se_delta_theta_sq": 0.017558776068153814,
  "n_times_mean_delta_theta_sq": 114.83359282990101,
  "mean_delta_x_sq": 1.3484445802330694e-05,
  "se_delta_x_sq": 6.545101199721583e-06,
  "n_sq_times_mean_delta_x_sq": 121.36001222097624,
  "efron_stein_bound_on_var_X": 0.005053296064423428,
  "elapsed_seconds": 1246.3396785259247
}
