10 2 51020 True 416 3 0s
10 2 51021 True 355 3 1s
10 2 51022 True 404 7 1s
10 2 51023 True 436 5 2s
10 2 51024 True 427 4 2s
10 2 51025 True 446 3 3s
10 2 51026 True 419 3 3s
10 2 51027 True 414 3 4s
10 2 51028 True 345 2 4s
10 2 51029 True 364 4 5s
10 2 51030 True 427 4 5s
10 2 51031 True 426 4 6s
10 3 51030 True 437 10 6s
10 3 51031 True 187 14 7s
10 3 51032 True 456 10 7s
10 3 51033 True 112 19 7s
10 3 51034 True 4 203 8s
10 3 51035 True 4 69 8s
10 3 51036 True 4 173 9s
10 3 51037 True 4 168 9s
10 3 51038 True 116 22 10s
10 3 51039 True 4 90 10s
10 3 51040 True 8 39 10s
10 3 51041 True 12 33 11s
10 4 51040 True 403 2 11s
10 4 51041 True 4 100 12s
10 4 51042 True 4 254 12s
10 4 51043 True 4 359 13s
10 4 51044 False None None 13s
10 4 51045 True 405 10 14s
10 4 51046 False None None 15s
10 4 51047 False None None 15s
10 4 51048 False None None 16s
10 4 51049 False None None 16s
10 4 51050 True 4 135 17s
10 4 51051 True 4 103 17s
16 2 51620 True 4 135 17s
16 2 51621 True 12 32 18s
16 2 51622 True 4 46 18s
16 2 51623 True 4 81 19s
16 2 51624 True 110 22 19s
16 2 51625 True 452 3 20s
16 2 51626 True 416 12 20s
16 2 51627 True 432 6 21s
16 2 51628 True 353 13 21s
16 2 51629 True 124 15 22s
16 2 51630 True 116 20 22s
16 2 51631 True 121 19 23s
16 3 51630 False None None 23s
16 3 51631 False None None 23s
16 3 51632 False None None 25s
16 3 51633 True 4 370 25s
16 3 51634 True 4 300 26s
16 3 51635 True 4 325 27s
16 3 51636 True 4 317 27s
16 3 51637 True 4 212 28s
16 3 51638 True 4 66 28s
16 3 51639 True 4 393 29s
16 3 51640 False None None 29s
16 3 51641 False None None 30s
16 4 51640 False None None 31s
16 4 51641 False None None 32s
16 4 51642 True 4 259 33s
16 4 51643 False None None 35s
16 4 51644 False None None 37s
16 4 51645 False None None 37s
16 4 51646 False None None 38s
16 4 51647 False None None 39s
16 4 51648 False None None 44s
16 4 51649 False None None 49s
16 4 51650 False None None 49s
16 4 51651 False None None 51s
