8 2 50820 True 425 2 0s
8 2 50821 True 355 2 0s
8 2 50822 True 318 2 1s
8 2 50823 True 85 26 1s
8 2 50824 True 369 2 2s
8 2 50825 True 395 4 2s
8 2 50826 True 306 2 3s
8 2 50827 True 397 4 3s
8 2 50828 True 376 3 4s
8 2 50829 True 344 2 4s
8 2 50830 True 369 4 4s
8 2 50831 True 448 2 5s
8 3 50830 True 49 27 5s
8 3 50831 True 449 4 6s
8 3 50832 True 439 6 6s
8 3 50833 True 118 17 7s
8 3 50834 True 439 2 7s
8 3 50835 True 396 6 8s
8 3 50836 True 4 76 8s
8 3 50837 True 112 21 8s
8 3 50838 True 403 7 9s
8 3 50839 True 116 21 9s
8 3 50840 True 344 11 10s
8 3 50841 True 415 3 10s
8 4 50840 True 400 6 10s
8 4 50841 True 4 62 11s
8 4 50842 True 4 112 11s
8 4 50843 False None None 11s
8 4 50844 True 4 91 12s
8 4 50845 True 4 120 12s
8 4 50846 True 126 20 13s
8 4 50847 True 405 8 13s
8 4 50848 True 4 152 13s
8 4 50849 True 114 20 14s
8 4 50850 True 410 6 14s
8 4 50851 True 121 18 15s
14 2 51420 True 4 160 15s
14 2 51421 True 395 10 16s
14 2 51422 True 404 2 16s
14 2 51423 True 410 9 17s
14 2 51424 True 317 13 17s
14 2 51425 True 18 31 18s
14 2 51426 True 106 24 18s
14 2 51427 True 113 16 18s
14 2 51428 True 17 29 19s
14 2 51429 True 443 6 19s
14 2 51430 True 437 10 20s
14 2 51431 False None None 20s
14 3 51430 False None None 21s
14 3 51431 True 4 116 21s
14 3 51432 True 4 247 22s
14 3 51433 True 4 145 23s
14 3 51434 False None None 23s
14 3 51435 True 4 225 24s
14 3 51436 True 4 266 24s
14 3 51437 False None None 25s
14 3 51438 False None None 25s
14 3 51439 True 4 176 25s
14 3 51440 False None None 26s
14 3 51441 True 4 149 26s
14 4 51440 False None None 28s
14 4 51441 False None None 28s
14 4 51442 False None None 28s
14 4 51443 True 4 225 29s
14 4 51444 True 4 159 30s
14 4 51445 False None None 30s
14 4 51446 False None None 33s
14 4 51447 False None None 35s
14 4 51448 False None None 35s
14 4 51449 True 4 100 36s
14 4 51450 False None None 36s
14 4 51451 False None None 37s
20 2 52020 True 4 61 38s
20 2 52021 True 4 168 38s
20 2 52022 False None None 39s
20 2 52023 True 4 119 39s
20 2 52024 False None None 39s
20 2 52025 True 4 311 40s
20 2 52026 True 4 247 41s
20 2 52027 True 404 2 41s
20 2 52028 True 4 46 42s
20 2 52029 True 4 77 42s
20 2 52030 False None None 43s
20 2 52031 True 4 51 43s
20 3 52030 True 4 173 44s
20 3 52031 True 4 152 44s
20 3 52032 False None None 45s
20 3 52033 False None None 45s
20 3 52034 False None None 46s
20 3 52035 False None None 50s
20 3 52036 False None None 50s
20 3 52037 False None None 51s
20 3 52038 False None None 51s
20 3 52039 False None None 52s
20 3 52040 False None None 52s
20 3 52041 False None None 53s
20 4 52040 False None None 57s
20 4 52041 False None None 60s
20 4 52042 False None None 61s
20 4 52043 False None None 64s
20 4 52044 True 4 389 64s
20 4 52045 False None None 66s
20 4 52046 False None None 68s
20 4 52047 False None None 69s
20 4 52048 False None None 70s
20 4 52049 False None None 72s
20 4 52050 False None None 74s
20 4 52051 False None None 77s
