12 2 51220 True 452 9 0s
12 2 51221 True 424 6 1s
12 2 51222 True 381 2 1s
12 2 51223 True 421 8 2s
12 2 51224 True 412 2 2s
12 2 51225 False None None 3s
12 2 51226 True 454 11 3s
12 2 51227 False None None 4s
12 2 51228 True 452 4 4s
12 2 51229 True 14 30 5s
12 2 51230 True 421 2 5s
12 2 51231 True 4 104 6s
12 3 51230 True 4 43 6s
12 3 51231 True 4 350 7s
12 3 51232 True 4 203 7s
12 3 51233 False None None 8s
12 3 51234 True 4 120 8s
12 3 51235 True 4 47 9s
12 3 51236 True 4 212 9s
12 3 51237 True 4 105 10s
12 3 51238 True 4 95 10s
12 3 51239 True 4 73 10s
12 3 51240 False None None 11s
12 3 51241 True 12 31 11s
12 4 51240 True 4 267 12s
12 4 51241 True 4 83 12s
12 4 51242 False None None 13s
12 4 51243 False None None 13s
12 4 51244 False None None 13s
12 4 51245 False None None 14s
12 4 51246 False None None 14s
12 4 51247 False None None 15s
12 4 51248 False None None 15s
12 4 51249 True 4 396 16s
12 4 51250 False None None 16s
12 4 51251 False None None 17s
18 2 51820 True 4 263 17s
18 2 51821 True 4 183 18s
18 2 51822 True 4 75 18s
18 2 51823 False None None 19s
18 2 51824 False None None 19s
18 2 51825 True 4 49 19s
18 2 51826 True 439 10 20s
18 2 51827 True 105 25 20s
18 2 51828 True 12 32 21s
18 2 51829 True 108 25 21s
18 2 51830 True 4 63 22s
18 2 51831 True 443 2 22s
18 3 51830 False None None 23s
18 3 51831 True 4 274 23s
18 3 51832 False None None 24s
18 3 51833 False None None 25s
18 3 51834 False None None 26s
18 3 51835 False None None 27s
18 3 51836 True 4 149 27s
18 3 51837 False None None 28s
18 3 51838 True 4 161 28s
18 3 51839 False None None 29s
18 3 51840 False None None 29s
18 3 51841 True 4 329 30s
18 4 51840 False None None 31s
18 4 51841 False None None 33s
18 4 51842 False None None 34s
18 4 51843 False None None 35s
18 4 51844 False None None 36s
18 4 51845 False None None 37s
18 4 51846 False None None 38s
18 4 51847 False None None 41s
18 4 51848 False None None 42s
18 4 51849 False None None 44s
18 4 51850 False None None 45s
18 4 51851 False None None 47s
