3 1 3000 True 299 1 0s
3 1 3001 True 306 1 0s
3 1 3002 True 300 1 1s
3 1 3003 True 311 1 1s
3 1 3004 True 318 1 1s
3 1 3005 True 313 1 1s
3 1 3006 True 302 1 1s
3 1 3007 True 290 1 2s
6 2 6000 True 371 3 2s
6 2 6001 True 395 2 2s
6 2 6002 True 395 2 2s
6 2 6003 True 376 2 2s
6 2 6004 True 379 2 3s
6 2 6005 True 355 2 3s
6 2 6006 True 345 2 3s
6 2 6007 True 353 2 3s
12 3 12000 True 4 131 3s
12 3 12001 True 4 395 4s
12 3 12002 True 4 110 4s
12 3 12003 True 4 65 4s
12 3 12004 True 424 3 4s
12 3 12005 True 4 253 5s
12 3 12006 True 4 61 5s
12 3 12007 True 79 26 5s
25 4 25000 False None None 7s
25 4 25001 False None None 8s
25 4 25002 False None None 9s
25 4 25003 False None None 11s
25 4 25004 False None None 22s
25 4 25005 False None None 31s
25 4 25006 False None None 35s
25 4 25007 False None None 43s
40 6 40000 False None None 52s
40 6 40001 False None None 71s
40 6 40002 False None None 82s
40 6 40003 False None None 94s
40 6 40004 False None None 134s
40 6 40005 False None None 192s
40 6 40006 False None None 219s
40 6 40007 False None None 233s
