  scale 0.9    worst_ratio=1.110005 at n=24
  scale 0.95   worst_ratio=1.052135 at n=24
  scale 0.98   worst_ratio=1.020221 at n=24
  scale 0.99   worst_ratio=1.010010 at n=24
  scale 0.995  worst_ratio=1.004980 at n=24
  scale 1.005  worst_ratio=1.688192 at n=21
  scale 1.01   worst_ratio=2.829323 at n=21
  scale 1.02   worst_ratio=7.781954 at n=21
  scale 1.05   worst_ratio=138.782981 at n=21
  scale 1.1    worst_ratio=10890.980502 at n=21
  random eps=0.01: done
  random eps=0.05: done
  coordinate probes done
{
  "horizons": [
    2,
    3,
    4,
    5,
    6,
    7,
    8,
    9,
    10,
    11,
    12,
    13,
    14,
    15,
    16,
    17,
    18,
    19,
    20,
    21,
    22,
    23,
    24
  ],
  "n_probes": 42,
  "min_worst_ratio_over_probes": 1.0,
  "n_probes_below_1": 0,
  "probes_below_1": [],
  "CONCLUSION": "ZLDC is a LOCAL MINIMAX OPTIMUM at this resolution -- no probe improved the worst-case ratio; the dense run's result is a finding, not a stall.",
  "seconds": 669.4
}
