{
  "worst_train_ratio": 0.9719559010751253,
  "worst_test_ratio": 3.1419970609262737,
  "best_ratio_anywhere": 0.9469558802460682,
  "PASS_train": false,
  "PASS_test": false,
  "VERDICT": "FAIL",
  "seconds": 4518.3,
  "total_pep_solves": 5223
}
  n=  4 [train] R_n=3.2925e-02 bench=3.4769e-02 ratio=0.9470
  n=  5 [test ] R_n=7.1448e-02 bench=2.5567e-02 ratio=2.7945
  n=  7 [test ] R_n=4.2555e-02 bench=1.7896e-02 ratio=2.3779
  n=  8 [train] R_n=1.5510e-02 bench=1.6251e-02 ratio=0.9544
  n= 11 [test ] R_n=2.5297e-02 bench=1.0662e-02 ratio=2.3726
  n= 12 [train] R_n=9.6576e-03 bench=1.0055e-02 ratio=0.9604
  n= 15 [test ] R_n=1.4057e-02 bench=7.4725e-03 ratio=1.8812
  n= 16 [train] R_n=6.9346e-03 bench=7.1695e-03 ratio=0.9672
  n= 19 [test ] R_n=1.1427e-02 bench=5.7085e-03 ratio=2.0017
  n= 20 [train] R_n=5.3606e-03 bench=5.5299e-03 ratio=0.9694
  n= 23 [test ] R_n=1.4451e-02 bench=4.5992e-03 ratio=3.1420
  n= 24 [train] R_n=4.3569e-03 bench=4.4826e-03 ratio=0.9720
